Microchip MPLAB XC8 Compiler V2.32

Linker command line:

-W-3 --edf=D:\XC8 compilador para el MPLAB\pic\dat\en_msgs.txt -cn \
  -h+dist/default/production\Invernadero_DomoticoV1_2.X.production.sym \
  --cmf=dist/default/production\Invernadero_DomoticoV1_2.X.production.cmf \
  -z -Q18F4550 -oC:\Users\SERVIT~1\AppData\Local\Temp\xcAs890.4 \
  --defsym=__MPLAB_BUILD=1 \
  -Mdist/default/production/Invernadero_DomoticoV1_2.X.production.map -E1 \
  -ver=XC8 Compiler --acfsm=1493 -ASTACK=0CAh-07FFh -pstack=STACK \
  -ACODE=00h-07FFFh -ACONST=00h-07FFFh -ASMALLCONST=0800h-08FFhx120 \
  -AMEDIUMCONST=0800h-07FFFh -ACOMRAM=01h-05Fh -AABS1=00h-07FFh \
  -ABIGRAM=01h-07FFh -ARAM=060h-0FFh,0100h-01FFhx7 -ABANK0=060h-0FFh \
  -ABANK1=0100h-01FFh -ABANK2=0200h-02FFh -ABANK3=0300h-03FFh \
  -ABANK4=0400h-04FFh -ABANK5=0500h-05FFh -ABANK6=0600h-06FFh \
  -ABANK7=0700h-07FFh -ASFR=0F60h-0FFFh -ACONFIG=0300000h-030000Dh \
  -AIDLOC=0200000h-0200007h -AEEDATA=0F00000h-0F000FFh -peeprom_data=EEDATA \
  -preset_vec=00h,intcode,intcodelo,powerup,init -pramtop=0800h \
  -psmallconst=SMALLCONST -pmediumconst=MEDIUMCONST -pconst=CONST \
  -AFARRAM=00h-00h \
  -prdata=COMRAM,nvrram=COMRAM,nvbit=COMRAM,rbss=COMRAM,rbit=COMRAM \
  -pfarbss=FARRAM,fardata=FARRAM,nvFARRAM=FARRAM \
  -pintsave_regs=BIGRAM,bigbss=BIGRAM,bigdata=BIGRAM -pbss=RAM \
  -pidata=CODE,irdata=CODE,ibigdata=CODE,ifardata=CODE -prparam=COMRAM \
  C:\Users\SERVIT~1\AppData\Local\Temp\xcAs890.o \
  dist/default/production\Invernadero_DomoticoV1_2.X.production.o 

Object code version is 3.11

Machine type is 18F4550



                Name                               Link     Load   Length Selector   Space Scale
C:\Users\SERVIT~1\AppData\Local\Temp\xcAs890.o
                idloc                            200000   200000        8        0       5
                config                           300000   300000        E        0       4
                init                                  0        0        4        0       0
dist/default/production\Invernadero_DomoticoV1_2.X.production.o
                idloc                            200000   200000        8        0       5
                config                           300000   300000        E        0       4
                smallconst                          800      800       32      400       0
                text29                             1C5A     1C5A        8      419       0
                text28                             18B4     18B4       56      419       0
                text27                             1400     1400      114      419       0
                text26                             1B9E     1B9E       2C      419       0
                text25                             1858     1858       5C      419       0
                text24                             1C3A     1C3A       20      419       0
                text23                             1AC0     1AC0       3E      419       0
                text22                             19AC     19AC       50      419       0
                text21                             1B6A     1B6A       34      419       0
                text20                             1BCA     1BCA       2A      419       0
                text19                             195C     195C       50      419       0
                text18                             17FA     17FA       5E      419       0
                text17                             1A80     1A80       40      419       0
                text16                              B14      B14      230      419       0
                text15                             16A4     16A4       7E      419       0
                text14                             1BF4     1BF4       26      419       0
                text13                             1722     1722       76      419       0
                text12                             1114     1114      188      419       0
                text11                             129C     129C      164      419       0
                text10                             1A40     1A40       40      419       0
                text9                              1C62     1C62        2      419       0
                text8                              1514     1514       CA      419       0
                text7                              19FC     19FC       44      419       0
                text6                              1B34     1B34       36      419       0
                text5                              15DE     15DE       C6      419       0
                text4                               832      832      2E2      419       0
                text3                               F60      F60      1B4      419       0
                text2                              1798     1798       62      419       0
                text1                              190A     190A       52      419       0
                text0                               D44      D44      21C      419       0
                cstackCOMRAM                          1        1       5F        1       1
                cstackBANK0                          AB       AB       1F       60       1
                dataBANK0                            8B       8B       20       60       1
                bssBANK0                             60       60       2B       60       1
                cinit                              1AFE     1AFE       36      419       0
                idataBANK0                         1C1A     1C1A       20      419       0

TOTAL           Name                               Link     Load   Length     Space
        CLASS   STACK          

        CLASS   CODE           
                init                                  0        0        4         0
                text29                             1C5A     1C5A        8         0
                text28                             18B4     18B4       56         0
                text27                             1400     1400      114         0
                text26                             1B9E     1B9E       2C         0
                text25                             1858     1858       5C         0
                text24                             1C3A     1C3A       20         0
                text23                             1AC0     1AC0       3E         0
                text22                             19AC     19AC       50         0
                text21                             1B6A     1B6A       34         0
                text20                             1BCA     1BCA       2A         0
                text19                             195C     195C       50         0
                text18                             17FA     17FA       5E         0
                text17                             1A80     1A80       40         0
                text16                              B14      B14      230         0
                text15                             16A4     16A4       7E         0
                text14                             1BF4     1BF4       26         0
                text13                             1722     1722       76         0
                text12                             1114     1114      188         0
                text11                             129C     129C      164         0
                text10                             1A40     1A40       40         0
                text9                              1C62     1C62        2         0
                text8                              1514     1514       CA         0
                text7                              19FC     19FC       44         0
                text6                              1B34     1B34       36         0
                text5                              15DE     15DE       C6         0
                text4                               832      832      2E2         0
                text3                               F60      F60      1B4         0
                text2                              1798     1798       62         0
                text1                              190A     190A       52         0
                text0                               D44      D44      21C         0
                cinit                              1AFE     1AFE       36         0
                idataBANK0                         1C1A     1C1A       20         0

        CLASS   CONST          

        CLASS   SMALLCONST     
                smallconst                          800      800       32         0

        CLASS   MEDIUMCONST    

        CLASS   COMRAM         
                cstackCOMRAM                          1        1       5F         1

        CLASS   ABS1           

        CLASS   BIGRAM         

        CLASS   RAM            

        CLASS   BANK0          
                cstackBANK0                          AB       AB       1F         1
                dataBANK0                            8B       8B       20         1
                bssBANK0                             60       60       2B         1

        CLASS   BANK1          

        CLASS   BANK2          

        CLASS   BANK3          

        CLASS   BANK4          

        CLASS   BANK5          

        CLASS   BANK6          

        CLASS   BANK7          

        CLASS   SFR            

        CLASS   CONFIG         
                config                           300000   300000        E         4

        CLASS   IDLOC          
                idloc                            200000   200000        8         5

        CLASS   EEDATA         

        CLASS   FARRAM         



SEGMENTS        Name                           Load    Length   Top    Selector   Space  Class

                reset_vec                      000000  000004  000004         0       0  CODE    
                cstackCOMRAM                   000001  00005F  000060         1       1  COMRAM  
                bssBANK0                       000060  00006A  0000CA        60       1  BANK0   
                smallconst                     000800  000032  000832       400       0  SMALLCON
                text4                          000832  001432  001C64       419       0  CODE    


UNUSED ADDRESS RANGES

        Name                Unused          Largest block    Delta
        BANK0            0000CA-0000FF               36
        BANK1            000100-0001FF              100
        BANK2            000200-0002FF              100
        BANK3            000300-0003FF              100
        BANK4            000400-0004FF              100
        BANK5            000500-0005FF              100
        BANK6            000600-0006FF              100
        BANK7            000700-0007FF              100
        BIGRAM           0000CA-0007FF              736
        CODE             000004-0007FF              7FC
                         001C64-007FFF             639C
        CONST            000004-0007FF              7FC
                         001C64-007FFF             639C
        EEDATA           F00000-F000FF              100
        MEDIUMCONST      001C64-007FFF             639C
        RAM              0000CA-0007FF              100
        SFR              000F60-000FFF               A0
        SMALLCONST       001C64-007FFF              100
        STACK            0000CA-0007FF              736

                                  Symbol Table

?_TemperaturaDigitada                   cstackCOMRAM 000007
?___aodiv                               cstackCOMRAM 000001
?___aomod                               cstackCOMRAM 000001
?___wmul                                cstackCOMRAM 000001
?_abs                                   cstackCOMRAM 000013
?_dtoa                                  cstackCOMRAM 00001C
?_pad                                   cstackCOMRAM 000011
?_sprintf                               cstackCOMRAM 000058
?_strlen                                cstackCOMRAM 000001
?_vfpfcnvrt                             cstackCOMRAM 000040
?_vfprintf                              cstackCOMRAM 000050
CompararTemperatura@HumActual           cstackCOMRAM 000005
CompararTemperatura@HumDigitada         cstackCOMRAM 000009
CompararTemperatura@HumedadAdecuada     cstackCOMRAM 000013
CompararTemperatura@TempActual          cstackCOMRAM 000003
CompararTemperatura@TempDigitada        cstackCOMRAM 000007
CompararTemperatura@TemperaturaAdecuada cstackCOMRAM 000012
DHT11_ReadData@data                     cstackCOMRAM 000002
DHT11_ReadData@i                        cstackCOMRAM 000001
DatosSensorTH@Datos                     cstackCOMRAM 000003
DatosSensorTH@RH_Integral               cstackCOMRAM 000005
DatosSensorTH@T_Integral                cstackCOMRAM 000006
LCD_Char@dat                            cstackCOMRAM 000002
LCD_Command@cmd                         cstackCOMRAM 000002
LCD_String@msg                          cstackCOMRAM 000003
LCD_String_xy@location                  cstackCOMRAM 000009
LCD_String_xy@msg                       cstackCOMRAM 000006
LCD_String_xy@pos                       cstackCOMRAM 000005
LCD_String_xy@row                       cstackCOMRAM 000008
PedirDato@Etiqueta                      cstackCOMRAM 00000A
PedirDato@i                             cstackCOMRAM 000011
PedirDato@tecla                         cstackCOMRAM 000010
PedirDato@vecLlenar                     cstackCOMRAM 00000C
PrenderLed@HumedadAdecuada              cstackCOMRAM 000001
PrenderLed@TemperaturaAdecuada          cstackCOMRAM 000002
TemperaturaDigitada@Decena              cstackCOMRAM 00000E
TemperaturaDigitada@Resultado           cstackCOMRAM 00000C
TemperaturaDigitada@Unidad              cstackCOMRAM 00000A
TemperaturaDigitada@prmTemperatura      cstackCOMRAM 000007
_ADCON0bits                             (abs)        000FC2
_ADCON1                                 (abs)        000FC1
_ADCON1bits                             (abs)        000FC1
_ADCON2bits                             (abs)        000FC0
_ADRESH                                 (abs)        000FC4
_CompararTemperatura                    text27       001400
_DHT11_CheckResponse                    text26       001B9E
_DHT11_ReadData                         text25       001858
_DHT11_Start                            text24       001C3A
_DatosSensorTH                          text23       001AC0
_INTCON2bits                            (abs)        000FF1
_InicializarLeds                        text29       001C5A
_LATA0                                  (abs)        007C48
_LATB                                   (abs)        000F8A
_LATD                                   (abs)        000F8C
_LATD0                                  (abs)        007C60
_LATD1                                  (abs)        007C61
_LATDbits                               (abs)        000F8C
_LATE0                                  (abs)        007C68
_LATE1                                  (abs)        007C69
_LATE2                                  (abs)        007C6A
_LCD_Char                               text19       00195C
_LCD_Clear                              text20       001BCA
_LCD_Command                            text22       0019AC
_LCD_Init                               text21       001B6A
_LCD_String                             text18       0017FA
_LCD_String_xy                          text17       001A80
_OSCCON                                 (abs)        000FD3
_PORTAbits                              (abs)        000F80
_PORTB                                  (abs)        000F81
_PORTD                                  (abs)        000F83
_PORTDbits                              (abs)        000F83
_PedirDato                              text15       0016A4
_PrenderLed                             text28       0018B4
_RBPU                                   (abs)        007F8F
_TRISAbits                              (abs)        000F92
_TRISB                                  (abs)        000F93
_TRISD                                  (abs)        000F95
_TRISE                                  (abs)        000F96
_TemperaturaDigitada                    text13       001722
__HRAM                                  (abs)        000000
__Habs1                                 abs1         000000
__Hbank0                                bank0        000000
__Hbank1                                bank1        000000
__Hbank2                                bank2        000000
__Hbank3                                bank3        000000
__Hbank4                                bank4        000000
__Hbank5                                bank5        000000
__Hbank6                                bank6        000000
__Hbank7                                bank7        000000
__Hbigbss                               bigbss       000000
__Hbigdata                              bigdata      000000
__Hbigram                               bigram       000000
__Hbss                                  bss          000000
__HbssBANK0                             bssBANK0     000000
__Hcinit                                cinit        000000
__Hclrtext                              clrtext      000000
__Hcomram                               comram       000000
__Hconfig                               config       30000E
__Hconst                                const        000000
__HcstackBANK0                          cstackBANK0  000000
__HcstackCOMRAM                         cstackCOMRAM 000000
__Hdata                                 data         000000
__HdataBANK0                            dataBANK0    000000
__Heeprom_data                          eeprom_data  000000
__Hfarbss                               farbss       000000
__Hfardata                              fardata      000000
__Hibigdata                             ibigdata     000000
__Hidata                                idata        000000
__HidataBANK0                           idataBANK0   000000
__Hidloc                                idloc        200008
__Hifardata                             ifardata     000000
__Hinit                                 init         000004
__Hintcode                              intcode      000000
__Hintcode_body                         intcode_body 000000
__Hintcodelo                            intcodelo    000000
__Hintentry                             intentry     000000
__Hintret                               intret       000000
__Hintsave_regs                         intsave_regs 000000
__Hirdata                               irdata       000000
__Hmediumconst                          mediumconst  000000
__HnvFARRAM                             nvFARRAM     000000
__Hnvbit                                nvbit        000000
__Hnvrram                               nvrram       000000
__Hparam                                rparam       000000
__Hpowerup                              powerup      000000
__Hram                                  ram          000000
__Hramtop                               ramtop       000800
__Hrbit                                 rbit         000000
__Hrbss                                 rbss         000000
__Hrdata                                rdata        000000
__Hreset_vec                            reset_vec    000000
__Hrparam                               rparam       000000
__Hsfr                                  sfr          000000
__Hsmallconst                           smallconst   000832
__Hspace_0                              (abs)        001C64
__Hspace_1                              (abs)        0000CA
__Hspace_2                              (abs)        000000
__Hspace_4                              (abs)        60000E
__Hstack                                stack        000000
__Hstruct                               struct       000000
__Htemp                                 temp         000000
__Htext                                 text         000000
__Htext0                                text0        000000
__Htext1                                text1        000000
__Htext10                               text10       000000
__Htext11                               text11       000000
__Htext12                               text12       000000
__Htext13                               text13       000000
__Htext14                               text14       000000
__Htext15                               text15       000000
__Htext16                               text16       000000
__Htext17                               text17       000000
__Htext18                               text18       000000
__Htext19                               text19       000000
__Htext2                                text2        000000
__Htext20                               text20       000000
__Htext21                               text21       000000
__Htext22                               text22       000000
__Htext23                               text23       000000
__Htext24                               text24       000000
__Htext25                               text25       000000
__Htext26                               text26       000000
__Htext27                               text27       000000
__Htext28                               text28       000000
__Htext29                               text29       000000
__Htext3                                text3        000000
__Htext4                                text4        000000
__Htext5                                text5        000000
__Htext6                                text6        000000
__Htext7                                text7        000000
__Htext8                                text8        000000
__Htext9                                text9        000000
__LRAM                                  (abs)        000001
__Labs1                                 abs1         000000
__Lbank0                                bank0        000000
__Lbank1                                bank1        000000
__Lbank2                                bank2        000000
__Lbank3                                bank3        000000
__Lbank4                                bank4        000000
__Lbank5                                bank5        000000
__Lbank6                                bank6        000000
__Lbank7                                bank7        000000
__Lbigbss                               bigbss       000000
__Lbigdata                              bigdata      000000
__Lbigram                               bigram       000000
__Lbss                                  bss          000000
__LbssBANK0                             bssBANK0     000000
__Lcinit                                cinit        000000
__Lclrtext                              clrtext      000000
__Lcomram                               comram       000000
__Lconfig                               config       000000
__Lconst                                const        000000
__LcstackBANK0                          cstackBANK0  000000
__LcstackCOMRAM                         cstackCOMRAM 000000
__Ldata                                 data         000000
__LdataBANK0                            dataBANK0    000000
__Leeprom_data                          eeprom_data  000000
__Lfarbss                               farbss       000000
__Lfardata                              fardata      000000
__Libigdata                             ibigdata     000000
__Lidata                                idata        000000
__LidataBANK0                           idataBANK0   000000
__Lidloc                                idloc        000000
__Lifardata                             ifardata     000000
__Linit                                 init         000000
__Lintcode                              intcode      000000
__Lintcode_body                         intcode_body 000000
__Lintcodelo                            intcodelo    000000
__Lintentry                             intentry     000000
__Lintret                               intret       000000
__Lintsave_regs                         intsave_regs 000000
__Lirdata                               irdata       000000
__Lmediumconst                          mediumconst  000000
__LnvFARRAM                             nvFARRAM     000000
__Lnvbit                                nvbit        000000
__Lnvrram                               nvrram       000000
__Lparam                                rparam       000000
__Lpowerup                              powerup      000000
__Lram                                  ram          000000
__Lramtop                               ramtop       000800
__Lrbit                                 rbit         000000
__Lrbss                                 rbss         000000
__Lrdata                                rdata        000000
__Lreset_vec                            reset_vec    000000
__Lrparam                               rparam       000000
__Lsfr                                  sfr          000000
__Lsmallconst                           smallconst   000800
__Lspace_0                              (abs)        000000
__Lspace_1                              (abs)        000000
__Lspace_2                              (abs)        000000
__Lspace_4                              (abs)        000000
__Lstack                                stack        000000
__Lstruct                               struct       000000
__Ltemp                                 temp         000000
__Ltext                                 text         000000
__Ltext0                                text0        000000
__Ltext1                                text1        000000
__Ltext10                               text10       000000
__Ltext11                               text11       000000
__Ltext12                               text12       000000
__Ltext13                               text13       000000
__Ltext14                               text14       000000
__Ltext15                               text15       000000
__Ltext16                               text16       000000
__Ltext17                               text17       000000
__Ltext18                               text18       000000
__Ltext19                               text19       000000
__Ltext2                                text2        000000
__Ltext20                               text20       000000
__Ltext21                               text21       000000
__Ltext22                               text22       000000
__Ltext23                               text23       000000
__Ltext24                               text24       000000
__Ltext25                               text25       000000
__Ltext26                               text26       000000
__Ltext27                               text27       000000
__Ltext28                               text28       000000
__Ltext29                               text29       000000
__Ltext3                                text3        000000
__Ltext4                                text4        000000
__Ltext5                                text5        000000
__Ltext6                                text6        000000
__Ltext7                                text7        000000
__Ltext8                                text8        000000
__Ltext9                                text9        000000
__S0                                    (abs)        001C64
__S1                                    (abs)        0000CA
__S2                                    (abs)        000000
__S4                                    (abs)        000000
__S5                                    (abs)        000000
___aodiv                                text12       001114
___aodiv@counter                        cstackCOMRAM 000011
___aodiv@dividend                       cstackCOMRAM 000001
___aodiv@divisor                        cstackCOMRAM 000009
___aodiv@quotient                       cstackCOMRAM 000013
___aodiv@sign                           cstackCOMRAM 000012
___aomod                                text11       00129C
___aomod@counter                        cstackCOMRAM 000011
___aomod@dividend                       cstackCOMRAM 000001
___aomod@divisor                        cstackCOMRAM 000009
___aomod@sign                           cstackCOMRAM 000012
___inthi_sp                             stack        000000
___intlo_sp                             stack        000000
___param_bank                           (abs)        000000
___rparam_used                          (abs)        000001
___sp                                   stack        000000
___wmul                                 text14       001BF4
___wmul@multiplicand                    cstackCOMRAM 000003
___wmul@multiplier                      cstackCOMRAM 000001
___wmul@product                         cstackCOMRAM 000005
__accesstop                             (abs)        000060
__activetblptr                          (abs)        000002
__end_of_CompararTemperatura            text27       001514
__end_of_DHT11_CheckResponse            text26       001BCA
__end_of_DHT11_ReadData                 text25       0018B4
__end_of_DHT11_Start                    text24       001C5A
__end_of_DatosSensorTH                  text23       001AFE
__end_of_InicializarLeds                text29       001C62
__end_of_LCD_Char                       text19       0019AC
__end_of_LCD_Clear                      text20       001BF4
__end_of_LCD_Command                    text22       0019FC
__end_of_LCD_Init                       text21       001B9E
__end_of_LCD_String                     text18       001858
__end_of_LCD_String_xy                  text17       001AC0
__end_of_PedirDato                      text15       001722
__end_of_PrenderLed                     text28       00190A
__end_of_TemperaturaDigitada            text13       001798
__end_of___aodiv                        text12       00129C
__end_of___aomod                        text11       001400
__end_of___wmul                         text14       001C1A
__end_of__initialization                cinit        001B2A
__end_of_abs                            text10       001A80
__end_of_dtoa                           text4        000B14
__end_of_fputc                          text8        0015DE
__end_of_fputs                          text7        001A40
__end_of_keyfind                        text16       000D44
__end_of_main                           text0        000F60
__end_of_pad                            text5        0016A4
__end_of_putch                          text9        001C64
__end_of_sprintf                        text1        00195C
__end_of_strlen                         text6        001B6A
__end_of_vfpfcnvrt                      text3        001114
__end_of_vfprintf                       text2        0017FA
__initialization                        cinit        001AFE
__mediumconst                           mediumconst  000000
__pbssBANK0                             bssBANK0     000060
__pcinit                                cinit        001AFE
__pcstackBANK0                          cstackBANK0  0000AB
__pcstackCOMRAM                         cstackCOMRAM 000001
__pdataBANK0                            dataBANK0    00008B
__pidataBANK0                           idataBANK0   001C1A
__psmallconst                           smallconst   000800
__ptext0                                text0        000D44
__ptext1                                text1        00190A
__ptext10                               text10       001A40
__ptext11                               text11       00129C
__ptext12                               text12       001114
__ptext13                               text13       001722
__ptext14                               text14       001BF4
__ptext15                               text15       0016A4
__ptext16                               text16       000B14
__ptext17                               text17       001A80
__ptext18                               text18       0017FA
__ptext19                               text19       00195C
__ptext2                                text2        001798
__ptext20                               text20       001BCA
__ptext21                               text21       001B6A
__ptext22                               text22       0019AC
__ptext23                               text23       001AC0
__ptext24                               text24       001C3A
__ptext25                               text25       001858
__ptext26                               text26       001B9E
__ptext27                               text27       001400
__ptext28                               text28       0018B4
__ptext29                               text29       001C5A
__ptext3                                text3        000F60
__ptext4                                text4        000832
__ptext5                                text5        0015DE
__ptext6                                text6        001B34
__ptext7                                text7        0019FC
__ptext8                                text8        001514
__ptext9                                text9        001C62
__ramtop                                ramtop       000800
__size_of_CompararTemperatura           (abs)        000000
__size_of_DHT11_CheckResponse           (abs)        000000
__size_of_DHT11_ReadData                (abs)        000000
__size_of_DHT11_Start                   (abs)        000000
__size_of_DatosSensorTH                 (abs)        000000
__size_of_InicializarLeds               (abs)        000000
__size_of_LCD_Char                      (abs)        000000
__size_of_LCD_Clear                     (abs)        000000
__size_of_LCD_Command                   (abs)        000000
__size_of_LCD_Init                      (abs)        000000
__size_of_LCD_String                    (abs)        000000
__size_of_LCD_String_xy                 (abs)        000000
__size_of_PedirDato                     (abs)        000000
__size_of_PrenderLed                    (abs)        000000
__size_of_TemperaturaDigitada           (abs)        000000
__size_of___aodiv                       (abs)        000000
__size_of___aomod                       (abs)        000000
__size_of___wmul                        (abs)        000000
__size_of_abs                           (abs)        000000
__size_of_dtoa                          (abs)        000000
__size_of_fputc                         (abs)        000000
__size_of_fputs                         (abs)        000000
__size_of_keyfind                       (abs)        000000
__size_of_main                          (abs)        000000
__size_of_pad                           (abs)        000000
__size_of_putch                         (abs)        000000
__size_of_sprintf                       (abs)        000000
__size_of_strlen                        (abs)        000000
__size_of_vfpfcnvrt                     (abs)        000000
__size_of_vfprintf                      (abs)        000000
__smallconst                            smallconst   000800
_abs                                    text10       001A40
_col_loc                                bssBANK0     00006A
_dbuf                                   bssBANK0     00006B
_dtoa                                   text4        000832
_dtoa$1142                              cstackCOMRAM 00002E
_flags                                  bssBANK0     000066
_fputc                                  text8        001514
_fputs                                  text7        0019FC
_keyfind                                text16       000B14
_keypad                                 dataBANK0    00008B
_main                                   text0        000D44
_nout                                   bssBANK0     000060
_pad                                    text5        0015DE
_prec                                   bssBANK0     000064
_putch                                  text9        001C62
_rowloc                                 bssBANK0     000069
_sprintf                                text1        00190A
_strlen                                 text6        001B34
_temp_col                               bssBANK0     000068
_vfpfcnvrt                              text3        000F60
_vfprintf                               text2        001798
_width                                  bssBANK0     000062
abs@a                                   cstackCOMRAM 000013
dtoa@d                                  cstackCOMRAM 00001E
dtoa@fp                                 cstackCOMRAM 00001C
dtoa@i                                  cstackCOMRAM 00003E
dtoa@n                                  cstackCOMRAM 000036
dtoa@p                                  cstackCOMRAM 000030
dtoa@s                                  cstackCOMRAM 000034
dtoa@w                                  cstackCOMRAM 000032
end_of_initialization                   cinit        001B2A
fputc@c                                 cstackCOMRAM 000001
fputc@fp                                cstackCOMRAM 000003
fputs@c                                 cstackCOMRAM 00000E
fputs@fp                                cstackCOMRAM 00000C
fputs@i                                 cstackCOMRAM 00000F
fputs@s                                 cstackCOMRAM 00000A
intlevel0                               text         000000
intlevel1                               text         000000
intlevel2                               text         000000
intlevel3                               text         000000
isa$std                                 (abs)        000001
isa$xinst                               (abs)        000000
keypad_getkey@F3168                     dataBANK0    00009B
main@Cadena                             cstackBANK0  0000B3
main@Datos                              cstackBANK0  0000C8
main@Humedad                            cstackBANK0  0000BF
main@HumedadAdecuada                    cstackBANK0  0000C5
main@Temperatura                        cstackBANK0  0000BD
main@TemperaturaAdecuada                cstackBANK0  0000C3
main@bandera                            cstackBANK0  0000C7
main@indice                             cstackBANK0  0000C1
pad@buf                                 cstackCOMRAM 000013
pad@fp                                  cstackCOMRAM 000011
pad@i                                   cstackCOMRAM 000018
pad@p                                   cstackCOMRAM 000015
pad@w                                   cstackCOMRAM 00001A
sprintf@ap                              cstackBANK0  0000AB
sprintf@f                               cstackBANK0  0000AD
sprintf@fmt                             cstackCOMRAM 00005A
sprintf@s                               cstackCOMRAM 000058
stackhi                                 (abs)        0007FF
stacklo                                 (abs)        0000CA
start                                   init         000000
start_initialization                    cinit        001AFE
strlen@a                                cstackCOMRAM 000003
strlen@s                                cstackCOMRAM 000001
vfpfcnvrt@ap                            cstackCOMRAM 000044
vfpfcnvrt@fmt                           cstackCOMRAM 000042
vfpfcnvrt@fp                            cstackCOMRAM 000040
vfpfcnvrt@ll                            cstackCOMRAM 000048
vfprintf@ap                             cstackCOMRAM 000054
vfprintf@cfmt                           cstackCOMRAM 000056
vfprintf@fmt                            cstackCOMRAM 000052
vfprintf@fp                             cstackCOMRAM 000050


MODULE INFORMATION

Module		Function		Class		Link	Load	Size
D:\XC8 compilador para el MPLAB\pic\sources\c99\common\putch.c
		_putch         		CODE           	1C62	0000	2

D:\XC8 compilador para el MPLAB\pic\sources\c99\common\putch.c estimated size: 2

keypad.c
		_keyfind       		CODE           	0B14	0000	560

keypad.c estimated size: 560

D:\XC8 compilador para el MPLAB\pic\sources\c99\common\nf_fputs.c
		_fputs         		CODE           	19FC	0000	68

D:\XC8 compilador para el MPLAB\pic\sources\c99\common\nf_fputs.c estimated size: 68

D:\XC8 compilador para el MPLAB\pic\sources\c99\common\aodiv.c
		___aodiv       		CODE           	1114	0000	392

D:\XC8 compilador para el MPLAB\pic\sources\c99\common\aodiv.c estimated size: 392

D:\XC8 compilador para el MPLAB\pic\sources\c99\common\strlen.c
		_strlen        		CODE           	1B34	0000	54

D:\XC8 compilador para el MPLAB\pic\sources\c99\common\strlen.c estimated size: 54

D:\XC8 compilador para el MPLAB\pic\sources\c99\common\nf_sprintf.c
		_sprintf       		CODE           	190A	0000	82

D:\XC8 compilador para el MPLAB\pic\sources\c99\common\nf_sprintf.c estimated size: 82

D:\XC8 compilador para el MPLAB\pic\sources\c99\common\doprnt.c
		_vfpfcnvrt     		CODE           	0F60	0000	436
		_pad           		CODE           	15DE	0000	198
		_dtoa          		CODE           	0832	0000	738
		_vfprintf      		CODE           	1798	0000	98

D:\XC8 compilador para el MPLAB\pic\sources\c99\common\doprnt.c estimated size: 1470

DHT11.c
		_DHT11_Start   		CODE           	1C3A	0000	32
		_DHT11_CheckResponse		CODE           	1B9E	0000	44
		_DHT11_ReadData		CODE           	1858	0000	92

DHT11.c estimated size: 168

D:\XC8 compilador para el MPLAB\pic\sources\c99\common\Umul16.c
		___wmul        		CODE           	1BF4	0000	38

D:\XC8 compilador para el MPLAB\pic\sources\c99\common\Umul16.c estimated size: 38

shared
		__initialization		CODE           	1AFE	0000	44

shared estimated size: 44

D:\XC8 compilador para el MPLAB\pic\sources\c99\common\nf_fputc.c
		_fputc         		CODE           	1514	0000	202

D:\XC8 compilador para el MPLAB\pic\sources\c99\common\nf_fputc.c estimated size: 202

Main_Invernadero.c
		_PedirDato     		CODE           	16A4	0000	126
		_CompararTemperatura		CODE           	1400	0000	276
		_main          		CODE           	0D44	0000	540
		_TemperaturaDigitada		CODE           	1722	0000	118
		_DatosSensorTH 		CODE           	1AC0	0000	62
		_InicializarLeds		CODE           	1C5A	0000	8
		_PrenderLed    		CODE           	18B4	0000	86

Main_Invernadero.c estimated size: 1216

D:\XC8 compilador para el MPLAB\pic\sources\c99\common\abs.c
		_abs           		CODE           	1A40	0000	64

D:\XC8 compilador para el MPLAB\pic\sources\c99\common\abs.c estimated size: 64

D:\XC8 compilador para el MPLAB\pic\sources\c99\common\aomod.c
		___aomod       		CODE           	129C	0000	356

D:\XC8 compilador para el MPLAB\pic\sources\c99\common\aomod.c estimated size: 356

LCD.c
		_LCD_String    		CODE           	17FA	0000	94
		_LCD_Init      		CODE           	1B6A	0000	52
		_LCD_Command   		CODE           	19AC	0000	80
		_LCD_String_xy 		CODE           	1A80	0000	64
		_LCD_Char      		CODE           	195C	0000	80
		_LCD_Clear     		CODE           	1BCA	0000	42

LCD.c estimated size: 412

