Microchip MPLAB XC8 Compiler V2.32

Linker command line:

-W-3 --edf=C:\Program Files\Microchip\xc8\v2.32\pic\dat\en_msgs.txt -cn \
  -h+dist/default/production\Invernadero_DomoticoV1_7.X.production.sym \
  --cmf=dist/default/production\Invernadero_DomoticoV1_7.X.production.cmf \
  -z -Q18F4550 -oC:\Users\Dz\AppData\Local\Temp\xcAs68k.4 \
  --defsym=__MPLAB_BUILD=1 \
  -Mdist/default/production/Invernadero_DomoticoV1_7.X.production.map -E1 \
  -ver=XC8 Compiler --acfsm=1493 -ASTACK=0BDh-07FFh -pstack=STACK \
  -ACODE=00h-07FFFh -ACONST=00h-07FFFh -ASMALLCONST=0800h-08FFhx120 \
  -AMEDIUMCONST=0800h-07FFFh -ACOMRAM=01h-05Fh -AABS1=00h-07FFh \
  -ABIGRAM=01h-07FFh -ARAM=060h-0FFh,0100h-01FFhx7 -ABANK0=060h-0FFh \
  -ABANK1=0100h-01FFh -ABANK2=0200h-02FFh -ABANK3=0300h-03FFh \
  -ABANK4=0400h-04FFh -ABANK5=0500h-05FFh -ABANK6=0600h-06FFh \
  -ABANK7=0700h-07FFh -ASFR=0F60h-0FFFh -ACONFIG=0300000h-030000Dh \
  -AIDLOC=0200000h-0200007h -AEEDATA=0F00000h-0F000FFh -peeprom_data=EEDATA \
  -preset_vec=00h,intcode,intcodelo,powerup,init -pramtop=0800h \
  -psmallconst=SMALLCONST -pmediumconst=MEDIUMCONST -pconst=CONST \
  -AFARRAM=00h-00h \
  -prdata=COMRAM,nvrram=COMRAM,nvbit=COMRAM,rbss=COMRAM,rbit=COMRAM \
  -pfarbss=FARRAM,fardata=FARRAM,nvFARRAM=FARRAM \
  -pintsave_regs=BIGRAM,bigbss=BIGRAM,bigdata=BIGRAM -pbss=RAM \
  -pidata=CODE,irdata=CODE,ibigdata=CODE,ifardata=CODE -prparam=COMRAM \
  C:\Users\Dz\AppData\Local\Temp\xcAs68k.o \
  dist/default/production\Invernadero_DomoticoV1_7.X.production.o 

Object code version is 3.11

Machine type is 18F4550



                Name                               Link     Load   Length Selector   Space Scale
C:\Users\Dz\AppData\Local\Temp\xcAs68k.o
                idloc                            200000   200000        8        0       5
                config                           300000   300000        E        0       4
                init                                  0        0        4        0       0
dist/default/production\Invernadero_DomoticoV1_7.X.production.o
                idloc                            200000   200000        8        0       5
                config                           300000   300000        E        0       4
                smallconst                          800      800       50      400       0
                text41                             1DD4     1DD4        8      EE5       0
                text40                             19AA     19AA       56      428       0
                text39                             134A     134A       FC      428       0
                text38                             1DF4     1DF4        6      EE5       0
                text37                             1DEE     1DEE        6      EE5       0
                text36                             1DE8     1DE8        6      EE5       0
                text35                             1B38     1B38       46      428       0
                text34                             1DE2     1DE2        6      EE5       0
                text33                             1DDC     1DDC        6      EE5       0
                text32                             1AF2     1AF2       46      428       0
                text31                             1D76     1D76       26      428       0
                text30                             1738     1738       76      428       0
                text29                             1D20     1D20       2C      428       0
                text28                             194E     194E       5C      428       0
                text27                             1D9C     1D9C       20      428       0
                text26                             1C42     1C42       3E      428       0
                text25                             1AA2     1AA2       50      428       0
                text24                             1CEC     1CEC       34      428       0
                text23                             1A52     1A52       50      428       0
                text22                             18F0     18F0       5E      428       0
                text21                             1C02     1C02       40      428       0
                text20                              F04      F04      188      428       0
                text19                             108C     108C      164      428       0
                text18                             1BC2     1BC2       40      428       0
                text17                             1DFE     1DFE        2      EE5       0
                text16                             1446     1446       CA      428       0
                text15                             1B7E     1B7E       44      428       0
                text14                             1CB6     1CB6       36      428       0
                text13                             1510     1510       C6      428       0
                text12                              850      850      2E2      428       0
                text11                              D50      D50      1B4      428       0
                text10                             188E     188E       62      428       0
                text9                              1A00     1A00       52      428       0
                text8                              181E     181E       70      428       0
                text7                              17AE     17AE       70      428       0
                text6                              1D4C     1D4C       2A      428       0
                text5                               B32      B32      21E      428       0
                text4                              1690     1690       A8      428       0
                text3                              15D6     15D6       BA      428       0
                text2                              1DCA     1DCA        A      EE5       0
                text1                              1DFA     1DFA        4      EE5       0
                text0                              11F0     11F0      15A      428       0
                cstackCOMRAM                          1        1       5F        1       1
                cstackBANK0                          B2       B2        B       60       1
                dataBANK0                            A5       A5        D       60       1
                bssBANK0                             60       60       45       60       1
                cinit                              1C80     1C80       36      428       0
                idataBANK0                         1DBC     1DBC        D      428       0

TOTAL           Name                               Link     Load   Length     Space
        CLASS   STACK          

        CLASS   CODE           
                init                                  0        0        4         0
                text41                             1DD4     1DD4        8         0
                text40                             19AA     19AA       56         0
                text39                             134A     134A       FC         0
                text38                             1DF4     1DF4        6         0
                text37                             1DEE     1DEE        6         0
                text36                             1DE8     1DE8        6         0
                text35                             1B38     1B38       46         0
                text34                             1DE2     1DE2        6         0
                text33                             1DDC     1DDC        6         0
                text32                             1AF2     1AF2       46         0
                text31                             1D76     1D76       26         0
                text30                             1738     1738       76         0
                text29                             1D20     1D20       2C         0
                text28                             194E     194E       5C         0
                text27                             1D9C     1D9C       20         0
                text26                             1C42     1C42       3E         0
                text25                             1AA2     1AA2       50         0
                text24                             1CEC     1CEC       34         0
                text23                             1A52     1A52       50         0
                text22                             18F0     18F0       5E         0
                text21                             1C02     1C02       40         0
                text20                              F04      F04      188         0
                text19                             108C     108C      164         0
                text18                             1BC2     1BC2       40         0
                text17                             1DFE     1DFE        2         0
                text16                             1446     1446       CA         0
                text15                             1B7E     1B7E       44         0
                text14                             1CB6     1CB6       36         0
                text13                             1510     1510       C6         0
                text12                              850      850      2E2         0
                text11                              D50      D50      1B4         0
                text10                             188E     188E       62         0
                text9                              1A00     1A00       52         0
                text8                              181E     181E       70         0
                text7                              17AE     17AE       70         0
                text6                              1D4C     1D4C       2A         0
                text5                               B32      B32      21E         0
                text4                              1690     1690       A8         0
                text3                              15D6     15D6       BA         0
                text2                              1DCA     1DCA        A         0
                text1                              1DFA     1DFA        4         0
                text0                              11F0     11F0      15A         0
                cinit                              1C80     1C80       36         0
                idataBANK0                         1DBC     1DBC        D         0

        CLASS   CONST          

        CLASS   SMALLCONST     
                smallconst                          800      800       50         0

        CLASS   MEDIUMCONST    

        CLASS   COMRAM         
                cstackCOMRAM                          1        1       5F         1

        CLASS   ABS1           

        CLASS   BIGRAM         

        CLASS   RAM            

        CLASS   BANK0          
                cstackBANK0                          B2       B2        B         1
                dataBANK0                            A5       A5        D         1
                bssBANK0                             60       60       45         1

        CLASS   BANK1          

        CLASS   BANK2          

        CLASS   BANK3          

        CLASS   BANK4          

        CLASS   BANK5          

        CLASS   BANK6          

        CLASS   BANK7          

        CLASS   SFR            

        CLASS   CONFIG         
                config                           300000   300000        E         4

        CLASS   IDLOC          
                idloc                            200000   200000        8         5

        CLASS   EEDATA         

        CLASS   FARRAM         



SEGMENTS        Name                           Load    Length   Top    Selector   Space  Class

                reset_vec                      000000  000004  000004         0       0  CODE    
                cstackCOMRAM                   000001  00005F  000060         1       1  COMRAM  
                bssBANK0                       000060  00005D  0000BD        60       1  BANK0   
                smallconst                     000800  000050  000850       400       0  SMALLCON
                text12                         000850  001579  001DC9       428       0  CODE    
                text2                          001DCA  000036  001E00       EE5       0  CODE    


UNUSED ADDRESS RANGES

        Name                Unused          Largest block    Delta
        BANK0            0000BD-0000FF               43
        BANK1            000100-0001FF              100
        BANK2            000200-0002FF              100
        BANK3            000300-0003FF              100
        BANK4            000400-0004FF              100
        BANK5            000500-0005FF              100
        BANK6            000600-0006FF              100
        BANK7            000700-0007FF              100
        BIGRAM           0000BD-0007FF              743
        CODE             000004-0007FF              7FC
                         001DC9-001DC9                1
                         001E00-007FFF             6200
        CONST            000004-0007FF              7FC
                         001DC9-001DC9                1
                         001E00-007FFF             6200
        EEDATA           F00000-F000FF              100
        MEDIUMCONST      001DC9-001DC9                1
                         001E00-007FFF             6200
        RAM              0000BD-0007FF              100
        SFR              000F60-000FFF               A0
        SMALLCONST       001DC9-001DC9                1
                         001E00-007FFF              100
        STACK            0000BD-0007FF              743

                                  Symbol Table

?_DatoDigitadoAEntero                      cstackCOMRAM 000007
?___aodiv                                  cstackCOMRAM 000001
?___aomod                                  cstackCOMRAM 000001
?___wmul                                   cstackCOMRAM 000001
?_abs                                      cstackCOMRAM 000013
?_dtoa                                     cstackCOMRAM 00001C
?_pad                                      cstackCOMRAM 000011
?_sprintf                                  cstackCOMRAM 000058
?_strlen                                   cstackCOMRAM 000001
?_vfpfcnvrt                                cstackCOMRAM 000040
?_vfprintf                                 cstackCOMRAM 000050
Comparar_T_H_Adecuados@HumActual           cstackCOMRAM 000005
Comparar_T_H_Adecuados@HumDigitada         cstackCOMRAM 000009
Comparar_T_H_Adecuados@HumedadAdecuada     cstackCOMRAM 000015
Comparar_T_H_Adecuados@MargenErrorH        cstackCOMRAM 00000D
Comparar_T_H_Adecuados@MargenErrorT        cstackCOMRAM 00000B
Comparar_T_H_Adecuados@TempActual          cstackCOMRAM 000003
Comparar_T_H_Adecuados@TempDigitada        cstackCOMRAM 000007
Comparar_T_H_Adecuados@TemperaturaAdecuada cstackCOMRAM 000014
ControlHumedadAspersor@HumedadActual       cstackCOMRAM 000001
ControlHumedadAspersor@HumedadDigitada     cstackCOMRAM 000003
ControlHumedadAspersor@MargenErrorH        cstackCOMRAM 000005
ControlTemperaturaVentilador@MargenErrorT  cstackCOMRAM 000005
ControlTemperaturaVentilador@TempActual    cstackCOMRAM 000001
ControlTemperaturaVentilador@TempDigitada  cstackCOMRAM 000003
DHT11_ReadData@data                        cstackCOMRAM 000002
DHT11_ReadData@i                           cstackCOMRAM 000001
DatoDigitadoAEntero@Decena                 cstackCOMRAM 00000E
DatoDigitadoAEntero@Resultado              cstackCOMRAM 00000C
DatoDigitadoAEntero@Unidad                 cstackCOMRAM 00000A
DatoDigitadoAEntero@prmTemperatura         cstackCOMRAM 000007
DatosSensorTH@Datos                        cstackCOMRAM 000003
DatosSensorTH@RH_Integral                  cstackCOMRAM 000005
DatosSensorTH@T_Integral                   cstackCOMRAM 000006
LCD_Char@dat                               cstackCOMRAM 000002
LCD_Command@cmd                            cstackCOMRAM 000002
LCD_String@msg                             cstackCOMRAM 000003
LCD_String_xy@location                     cstackCOMRAM 000009
LCD_String_xy@msg                          cstackCOMRAM 000006
LCD_String_xy@pos                          cstackCOMRAM 000005
LCD_String_xy@row                          cstackCOMRAM 000008
MostrarHumedad@Cadena                      cstackBANK0  0000BA
MostrarHumedad@Humedad                     cstackBANK0  0000BC
MostrarTemperatura@Cadena                  cstackBANK0  0000BA
MostrarTemperatura@Temperatura             cstackBANK0  0000BC
PedirDato@CantDatos                        cstackCOMRAM 00000E
PedirDato@Etiqueta                         cstackCOMRAM 00000A
PedirDato@i                                cstackCOMRAM 000012
PedirDato@tecla                            cstackCOMRAM 000014
PedirDato@vecLlenar                        cstackCOMRAM 00000C
PedirTodosLosDatos@Humedad                 cstackCOMRAM 000017
PedirTodosLosDatos@MargenErrorH            cstackCOMRAM 00001B
PedirTodosLosDatos@MargenErrorT            cstackCOMRAM 000019
PedirTodosLosDatos@Temperatura             cstackCOMRAM 000015
PrenderLed@HumedadAdecuada                 cstackCOMRAM 000001
PrenderLed@TemperaturaAdecuada             cstackCOMRAM 000002
_ADCON1                                    (abs)        000FC1
_ApagarAspersores                          text37       001DEE
_ApagarLeds                                text41       001DD4
_ApagarVentiladores                        text34       001DE2
_Cadena                                    bssBANK0     000093
_Comparar_T_H_Adecuados                    text39       00134A
_ConfigurarPuertosLCD                      text38       001DF4
_ControlHumedadAspersor                    text35       001B38
_ControlTemperaturaVentilador              text32       001AF2
_DHT11_CheckResponse                       text29       001D20
_DHT11_ReadData                            text28       00194E
_DHT11_Start                               text27       001D9C
_DatoDigitadoAEntero                       text30       001738
_Datos                                     bssBANK0     00009D
_DatosSensorTH                             text26       001C42
_Humedad                                   bssBANK0     00009F
_HumedadAdecuada                           bssBANK0     000068
_INTCON2bits                               (abs)        000FF1
_LATA0                                     (abs)        007C48
_LATB                                      (abs)        000F8A
_LATC0                                     (abs)        007C58
_LATC1                                     (abs)        007C59
_LATC2                                     (abs)        007C5A
_LATC6                                     (abs)        007C5E
_LATD                                      (abs)        000F8C
_LATD0                                     (abs)        007C60
_LATD1                                     (abs)        007C61
_LATE0                                     (abs)        007C68
_LATE1                                     (abs)        007C69
_LATE2                                     (abs)        007C6A
_LCD_Char                                  text23       001A52
_LCD_Clear                                 text6        001D4C
_LCD_Command                               text25       001AA2
_LCD_Init                                  text24       001CEC
_LCD_String                                text22       0018F0
_LCD_String_xy                             text21       001C02
_MargenEH                                  bssBANK0     00006C
_MargenET                                  bssBANK0     00006E
_MargenErrorH                              bssBANK0     0000A3
_MargenErrorT                              bssBANK0     0000A4
_MostrarHumedad                            text8        00181E
_MostrarTemperatura                        text7        0017AE
_OSCCON                                    (abs)        000FD3
_PORTAbits                                 (abs)        000F80
_PORTB                                     (abs)        000F81
_PedirDato                                 text4        001690
_PedirTodosLosDatos                        text3        0015D6
_PrenderAspersores                         text36       001DE8
_PrenderLed                                text40       0019AA
_PrenderVentiladores                       text33       001DDC
_PrimeraVez                                dataBANK0    0000B1
_RBPU                                      (abs)        007F8F
_TRISAbits                                 (abs)        000F92
_TRISB                                     (abs)        000F93
_TRISC                                     (abs)        000F94
_TRISD                                     (abs)        000F95
_TRISE                                     (abs)        000F96
_Temperatura                               bssBANK0     0000A1
_TemperaturaAdecuada                       bssBANK0     00006A
__HRAM                                     (abs)        000000
__Habs1                                    abs1         000000
__Hbank0                                   bank0        000000
__Hbank1                                   bank1        000000
__Hbank2                                   bank2        000000
__Hbank3                                   bank3        000000
__Hbank4                                   bank4        000000
__Hbank5                                   bank5        000000
__Hbank6                                   bank6        000000
__Hbank7                                   bank7        000000
__Hbigbss                                  bigbss       000000
__Hbigdata                                 bigdata      000000
__Hbigram                                  bigram       000000
__Hbss                                     bss          000000
__HbssBANK0                                bssBANK0     000000
__Hcinit                                   cinit        000000
__Hclrtext                                 clrtext      000000
__Hcomram                                  comram       000000
__Hconfig                                  config       30000E
__Hconst                                   const        000000
__HcstackBANK0                             cstackBANK0  000000
__HcstackCOMRAM                            cstackCOMRAM 000000
__Hdata                                    data         000000
__HdataBANK0                               dataBANK0    000000
__Heeprom_data                             eeprom_data  000000
__Hfarbss                                  farbss       000000
__Hfardata                                 fardata      000000
__Hibigdata                                ibigdata     000000
__Hidata                                   idata        000000
__HidataBANK0                              idataBANK0   000000
__Hidloc                                   idloc        200008
__Hifardata                                ifardata     000000
__Hinit                                    init         000004
__Hintcode                                 intcode      000000
__Hintcode_body                            intcode_body 000000
__Hintcodelo                               intcodelo    000000
__Hintentry                                intentry     000000
__Hintret                                  intret       000000
__Hintsave_regs                            intsave_regs 000000
__Hirdata                                  irdata       000000
__Hmediumconst                             mediumconst  000000
__HnvFARRAM                                nvFARRAM     000000
__Hnvbit                                   nvbit        000000
__Hnvrram                                  nvrram       000000
__Hparam                                   rparam       000000
__Hpowerup                                 powerup      000000
__Hram                                     ram          000000
__Hramtop                                  ramtop       000800
__Hrbit                                    rbit         000000
__Hrbss                                    rbss         000000
__Hrdata                                   rdata        000000
__Hreset_vec                               reset_vec    000000
__Hrparam                                  rparam       000000
__Hsfr                                     sfr          000000
__Hsmallconst                              smallconst   000850
__Hspace_0                                 (abs)        001E00
__Hspace_1                                 (abs)        0000BD
__Hspace_2                                 (abs)        000000
__Hspace_4                                 (abs)        60000E
__Hstack                                   stack        000000
__Hstruct                                  struct       000000
__Htemp                                    temp         000000
__Htext                                    text         000000
__Htext0                                   text0        000000
__Htext1                                   text1        000000
__Htext10                                  text10       000000
__Htext11                                  text11       000000
__Htext12                                  text12       000000
__Htext13                                  text13       000000
__Htext14                                  text14       000000
__Htext15                                  text15       000000
__Htext16                                  text16       000000
__Htext17                                  text17       000000
__Htext18                                  text18       000000
__Htext19                                  text19       000000
__Htext2                                   text2        000000
__Htext20                                  text20       000000
__Htext21                                  text21       000000
__Htext22                                  text22       000000
__Htext23                                  text23       000000
__Htext24                                  text24       000000
__Htext25                                  text25       000000
__Htext26                                  text26       000000
__Htext27                                  text27       000000
__Htext28                                  text28       000000
__Htext29                                  text29       000000
__Htext3                                   text3        000000
__Htext30                                  text30       000000
__Htext31                                  text31       000000
__Htext32                                  text32       000000
__Htext33                                  text33       000000
__Htext34                                  text34       000000
__Htext35                                  text35       000000
__Htext36                                  text36       000000
__Htext37                                  text37       000000
__Htext38                                  text38       000000
__Htext39                                  text39       000000
__Htext4                                   text4        000000
__Htext40                                  text40       000000
__Htext41                                  text41       000000
__Htext5                                   text5        000000
__Htext6                                   text6        000000
__Htext7                                   text7        000000
__Htext8                                   text8        000000
__Htext9                                   text9        000000
__LRAM                                     (abs)        000001
__Labs1                                    abs1         000000
__Lbank0                                   bank0        000000
__Lbank1                                   bank1        000000
__Lbank2                                   bank2        000000
__Lbank3                                   bank3        000000
__Lbank4                                   bank4        000000
__Lbank5                                   bank5        000000
__Lbank6                                   bank6        000000
__Lbank7                                   bank7        000000
__Lbigbss                                  bigbss       000000
__Lbigdata                                 bigdata      000000
__Lbigram                                  bigram       000000
__Lbss                                     bss          000000
__LbssBANK0                                bssBANK0     000000
__Lcinit                                   cinit        000000
__Lclrtext                                 clrtext      000000
__Lcomram                                  comram       000000
__Lconfig                                  config       000000
__Lconst                                   const        000000
__LcstackBANK0                             cstackBANK0  000000
__LcstackCOMRAM                            cstackCOMRAM 000000
__Ldata                                    data         000000
__LdataBANK0                               dataBANK0    000000
__Leeprom_data                             eeprom_data  000000
__Lfarbss                                  farbss       000000
__Lfardata                                 fardata      000000
__Libigdata                                ibigdata     000000
__Lidata                                   idata        000000
__LidataBANK0                              idataBANK0   000000
__Lidloc                                   idloc        000000
__Lifardata                                ifardata     000000
__Linit                                    init         000000
__Lintcode                                 intcode      000000
__Lintcode_body                            intcode_body 000000
__Lintcodelo                               intcodelo    000000
__Lintentry                                intentry     000000
__Lintret                                  intret       000000
__Lintsave_regs                            intsave_regs 000000
__Lirdata                                  irdata       000000
__Lmediumconst                             mediumconst  000000
__LnvFARRAM                                nvFARRAM     000000
__Lnvbit                                   nvbit        000000
__Lnvrram                                  nvrram       000000
__Lparam                                   rparam       000000
__Lpowerup                                 powerup      000000
__Lram                                     ram          000000
__Lramtop                                  ramtop       000800
__Lrbit                                    rbit         000000
__Lrbss                                    rbss         000000
__Lrdata                                   rdata        000000
__Lreset_vec                               reset_vec    000000
__Lrparam                                  rparam       000000
__Lsfr                                     sfr          000000
__Lsmallconst                              smallconst   000800
__Lspace_0                                 (abs)        000000
__Lspace_1                                 (abs)        000000
__Lspace_2                                 (abs)        000000
__Lspace_4                                 (abs)        000000
__Lstack                                   stack        000000
__Lstruct                                  struct       000000
__Ltemp                                    temp         000000
__Ltext                                    text         000000
__Ltext0                                   text0        000000
__Ltext1                                   text1        000000
__Ltext10                                  text10       000000
__Ltext11                                  text11       000000
__Ltext12                                  text12       000000
__Ltext13                                  text13       000000
__Ltext14                                  text14       000000
__Ltext15                                  text15       000000
__Ltext16                                  text16       000000
__Ltext17                                  text17       000000
__Ltext18                                  text18       000000
__Ltext19                                  text19       000000
__Ltext2                                   text2        000000
__Ltext20                                  text20       000000
__Ltext21                                  text21       000000
__Ltext22                                  text22       000000
__Ltext23                                  text23       000000
__Ltext24                                  text24       000000
__Ltext25                                  text25       000000
__Ltext26                                  text26       000000
__Ltext27                                  text27       000000
__Ltext28                                  text28       000000
__Ltext29                                  text29       000000
__Ltext3                                   text3        000000
__Ltext30                                  text30       000000
__Ltext31                                  text31       000000
__Ltext32                                  text32       000000
__Ltext33                                  text33       000000
__Ltext34                                  text34       000000
__Ltext35                                  text35       000000
__Ltext36                                  text36       000000
__Ltext37                                  text37       000000
__Ltext38                                  text38       000000
__Ltext39                                  text39       000000
__Ltext4                                   text4        000000
__Ltext40                                  text40       000000
__Ltext41                                  text41       000000
__Ltext5                                   text5        000000
__Ltext6                                   text6        000000
__Ltext7                                   text7        000000
__Ltext8                                   text8        000000
__Ltext9                                   text9        000000
__S0                                       (abs)        001E00
__S1                                       (abs)        0000BD
__S2                                       (abs)        000000
__S4                                       (abs)        000000
__S5                                       (abs)        000000
___aodiv                                   text20       000F04
___aodiv@counter                           cstackCOMRAM 000011
___aodiv@dividend                          cstackCOMRAM 000001
___aodiv@divisor                           cstackCOMRAM 000009
___aodiv@quotient                          cstackCOMRAM 000013
___aodiv@sign                              cstackCOMRAM 000012
___aomod                                   text19       00108C
___aomod@counter                           cstackCOMRAM 000011
___aomod@dividend                          cstackCOMRAM 000001
___aomod@divisor                           cstackCOMRAM 000009
___aomod@sign                              cstackCOMRAM 000012
___inthi_sp                                stack        000000
___intlo_sp                                stack        000000
___param_bank                              (abs)        000000
___rparam_used                             (abs)        000001
___sp                                      stack        000000
___wmul                                    text31       001D76
___wmul@multiplicand                       cstackCOMRAM 000003
___wmul@multiplier                         cstackCOMRAM 000001
___wmul@product                            cstackCOMRAM 000005
__accesstop                                (abs)        000060
__activetblptr                             (abs)        000002
__end_of_ApagarAspersores                  text37       001DF4
__end_of_ApagarLeds                        text41       001DDC
__end_of_ApagarVentiladores                text34       001DE8
__end_of_Comparar_T_H_Adecuados            text39       001446
__end_of_ConfigurarPuertosLCD              text38       001DFA
__end_of_ControlHumedadAspersor            text35       001B7E
__end_of_ControlTemperaturaVentilador      text32       001B38
__end_of_DHT11_CheckResponse               text29       001D4C
__end_of_DHT11_ReadData                    text28       0019AA
__end_of_DHT11_Start                       text27       001DBC
__end_of_DatoDigitadoAEntero               text30       0017AE
__end_of_DatosSensorTH                     text26       001C80
__end_of_LCD_Char                          text23       001AA2
__end_of_LCD_Clear                         text6        001D76
__end_of_LCD_Command                       text25       001AF2
__end_of_LCD_Init                          text24       001D20
__end_of_LCD_String                        text22       00194E
__end_of_LCD_String_xy                     text21       001C42
__end_of_MostrarHumedad                    text8        00188E
__end_of_MostrarTemperatura                text7        00181E
__end_of_PedirDato                         text4        001738
__end_of_PedirTodosLosDatos                text3        001690
__end_of_PrenderAspersores                 text36       001DEE
__end_of_PrenderLed                        text40       001A00
__end_of_PrenderVentiladores               text33       001DE2
__end_of___aodiv                           text20       00108C
__end_of___aomod                           text19       0011F0
__end_of___wmul                            text31       001D9C
__end_of__initialization                   cinit        001CAC
__end_of_abs                               text18       001C02
__end_of_dtoa                              text12       000B32
__end_of_fputc                             text16       001510
__end_of_fputs                             text15       001BC2
__end_of_initActuadores                    text2        001DD4
__end_of_initTeclado                       text1        001DFE
__end_of_keyfind                           text5        000D50
__end_of_main                              text0        00134A
__end_of_pad                               text13       0015D6
__end_of_putch                             text17       001E00
__end_of_sprintf                           text9        001A52
__end_of_strlen                            text14       001CEC
__end_of_vfpfcnvrt                         text11       000F04
__end_of_vfprintf                          text10       0018F0
__initialization                           cinit        001C80
__mediumconst                              mediumconst  000000
__pbssBANK0                                bssBANK0     000060
__pcinit                                   cinit        001C80
__pcstackBANK0                             cstackBANK0  0000B2
__pcstackCOMRAM                            cstackCOMRAM 000001
__pdataBANK0                               dataBANK0    0000A5
__pidataBANK0                              idataBANK0   001DBC
__psmallconst                              smallconst   000800
__ptext0                                   text0        0011F0
__ptext1                                   text1        001DFA
__ptext10                                  text10       00188E
__ptext11                                  text11       000D50
__ptext12                                  text12       000850
__ptext13                                  text13       001510
__ptext14                                  text14       001CB6
__ptext15                                  text15       001B7E
__ptext16                                  text16       001446
__ptext17                                  text17       001DFE
__ptext18                                  text18       001BC2
__ptext19                                  text19       00108C
__ptext2                                   text2        001DCA
__ptext20                                  text20       000F04
__ptext21                                  text21       001C02
__ptext22                                  text22       0018F0
__ptext23                                  text23       001A52
__ptext24                                  text24       001CEC
__ptext25                                  text25       001AA2
__ptext26                                  text26       001C42
__ptext27                                  text27       001D9C
__ptext28                                  text28       00194E
__ptext29                                  text29       001D20
__ptext3                                   text3        0015D6
__ptext30                                  text30       001738
__ptext31                                  text31       001D76
__ptext32                                  text32       001AF2
__ptext33                                  text33       001DDC
__ptext34                                  text34       001DE2
__ptext35                                  text35       001B38
__ptext36                                  text36       001DE8
__ptext37                                  text37       001DEE
__ptext38                                  text38       001DF4
__ptext39                                  text39       00134A
__ptext4                                   text4        001690
__ptext40                                  text40       0019AA
__ptext41                                  text41       001DD4
__ptext5                                   text5        000B32
__ptext6                                   text6        001D4C
__ptext7                                   text7        0017AE
__ptext8                                   text8        00181E
__ptext9                                   text9        001A00
__ramtop                                   ramtop       000800
__size_of_ApagarAspersores                 (abs)        000000
__size_of_ApagarLeds                       (abs)        000000
__size_of_ApagarVentiladores               (abs)        000000
__size_of_Comparar_T_H_Adecuados           (abs)        000000
__size_of_ConfigurarPuertosLCD             (abs)        000000
__size_of_ControlHumedadAspersor           (abs)        000000
__size_of_ControlTemperaturaVentilador     (abs)        000000
__size_of_DHT11_CheckResponse              (abs)        000000
__size_of_DHT11_ReadData                   (abs)        000000
__size_of_DHT11_Start                      (abs)        000000
__size_of_DatoDigitadoAEntero              (abs)        000000
__size_of_DatosSensorTH                    (abs)        000000
__size_of_LCD_Char                         (abs)        000000
__size_of_LCD_Clear                        (abs)        000000
__size_of_LCD_Command                      (abs)        000000
__size_of_LCD_Init                         (abs)        000000
__size_of_LCD_String                       (abs)        000000
__size_of_LCD_String_xy                    (abs)        000000
__size_of_MostrarHumedad                   (abs)        000000
__size_of_MostrarTemperatura               (abs)        000000
__size_of_PedirDato                        (abs)        000000
__size_of_PedirTodosLosDatos               (abs)        000000
__size_of_PrenderAspersores                (abs)        000000
__size_of_PrenderLed                       (abs)        000000
__size_of_PrenderVentiladores              (abs)        000000
__size_of___aodiv                          (abs)        000000
__size_of___aomod                          (abs)        000000
__size_of___wmul                           (abs)        000000
__size_of_abs                              (abs)        000000
__size_of_dtoa                             (abs)        000000
__size_of_fputc                            (abs)        000000
__size_of_fputs                            (abs)        000000
__size_of_initActuadores                   (abs)        000000
__size_of_initTeclado                      (abs)        000000
__size_of_keyfind                          (abs)        000000
__size_of_main                             (abs)        000000
__size_of_pad                              (abs)        000000
__size_of_putch                            (abs)        000000
__size_of_sprintf                          (abs)        000000
__size_of_strlen                           (abs)        000000
__size_of_vfpfcnvrt                        (abs)        000000
__size_of_vfprintf                         (abs)        000000
__smallconst                               smallconst   000800
_abs                                       text18       001BC2
_col_loc                                   bssBANK0     000072
_dbuf                                      bssBANK0     000073
_dtoa                                      text12       000850
_dtoa$946                                  cstackCOMRAM 00002E
_flags                                     bssBANK0     000066
_fputc                                     text16       001446
_fputs                                     text15       001B7E
_initActuadores                            text2        001DCA
_initTeclado                               text1        001DFA
_keyfind                                   text5        000B32
_keypad                                    dataBANK0    0000A5
_main                                      text0        0011F0
_nout                                      bssBANK0     000060
_pad                                       text13       001510
_prec                                      bssBANK0     000064
_putch                                     text17       001DFE
_rowloc                                    bssBANK0     000071
_sprintf                                   text9        001A00
_strlen                                    text14       001CB6
_temp_col                                  bssBANK0     000070
_vfpfcnvrt                                 text11       000D50
_vfprintf                                  text10       00188E
_width                                     bssBANK0     000062
abs@a                                      cstackCOMRAM 000013
dtoa@d                                     cstackCOMRAM 00001E
dtoa@fp                                    cstackCOMRAM 00001C
dtoa@i                                     cstackCOMRAM 00003E
dtoa@n                                     cstackCOMRAM 000036
dtoa@p                                     cstackCOMRAM 000030
dtoa@s                                     cstackCOMRAM 000034
dtoa@w                                     cstackCOMRAM 000032
end_of_initialization                      cinit        001CAC
fputc@c                                    cstackCOMRAM 000001
fputc@fp                                   cstackCOMRAM 000003
fputs@c                                    cstackCOMRAM 00000E
fputs@fp                                   cstackCOMRAM 00000C
fputs@i                                    cstackCOMRAM 00000F
fputs@s                                    cstackCOMRAM 00000A
intlevel0                                  text         000000
intlevel1                                  text         000000
intlevel2                                  text         000000
intlevel3                                  text         000000
isa$std                                    (abs)        000001
isa$xinst                                  (abs)        000000
pad@buf                                    cstackCOMRAM 000013
pad@fp                                     cstackCOMRAM 000011
pad@i                                      cstackCOMRAM 000018
pad@p                                      cstackCOMRAM 000015
pad@w                                      cstackCOMRAM 00001A
sprintf@ap                                 cstackBANK0  0000B2
sprintf@f                                  cstackBANK0  0000B4
sprintf@fmt                                cstackCOMRAM 00005A
sprintf@s                                  cstackCOMRAM 000058
stackhi                                    (abs)        0007FF
stacklo                                    (abs)        0000BD
start                                      init         000000
start_initialization                       cinit        001C80
strlen@a                                   cstackCOMRAM 000003
strlen@s                                   cstackCOMRAM 000001
vfpfcnvrt@ap                               cstackCOMRAM 000044
vfpfcnvrt@fmt                              cstackCOMRAM 000042
vfpfcnvrt@fp                               cstackCOMRAM 000040
vfpfcnvrt@ll                               cstackCOMRAM 000048
vfprintf@ap                                cstackCOMRAM 000054
vfprintf@cfmt                              cstackCOMRAM 000056
vfprintf@fmt                               cstackCOMRAM 000052
vfprintf@fp                                cstackCOMRAM 000050


MODULE INFORMATION

Module		Function		Class		Link	Load	Size
C:\Program Files\Microchip\xc8\v2.32\pic\sources\c99\common\nf_sprintf.c
		_sprintf       		CODE           	1A00	0000	82

C:\Program Files\Microchip\xc8\v2.32\pic\sources\c99\common\nf_sprintf.c estimated size: 82

C:\Program Files\Microchip\xc8\v2.32\pic\sources\c99\common\doprnt.c
		_vfpfcnvrt     		CODE           	0D50	0000	436
		_pad           		CODE           	1510	0000	198
		_dtoa          		CODE           	0850	0000	738
		_vfprintf      		CODE           	188E	0000	98

C:\Program Files\Microchip\xc8\v2.32\pic\sources\c99\common\doprnt.c estimated size: 1470

keypad.c
		_keyfind       		CODE           	0B32	0000	542
		_initTeclado   		CODE           	1DFA	0000	4
		_DatoDigitadoAEntero		CODE           	1738	0000	118

keypad.c estimated size: 664

Actuadores.c
		_ApagarVentiladores		CODE           	1DE2	0000	6
		_ApagarAspersores		CODE           	1DEE	0000	6
		_ControlTemperaturaVentilador		CODE           	1AF2	0000	70
		_PrenderVentiladores		CODE           	1DDC	0000	6
		_initActuadores		CODE           	1DCA	0000	10
		_ApagarLeds    		CODE           	1DD4	0000	8
		_ControlHumedadAspersor		CODE           	1B38	0000	70
		_PrenderLed    		CODE           	19AA	0000	86
		_PrenderAspersores		CODE           	1DE8	0000	6

Actuadores.c estimated size: 268

C:\Program Files\Microchip\xc8\v2.32\pic\sources\c99\common\nf_fputs.c
		_fputs         		CODE           	1B7E	0000	68

C:\Program Files\Microchip\xc8\v2.32\pic\sources\c99\common\nf_fputs.c estimated size: 68

C:\Program Files\Microchip\xc8\v2.32\pic\sources\c99\common\putch.c
		_putch         		CODE           	1DFE	0000	2

C:\Program Files\Microchip\xc8\v2.32\pic\sources\c99\common\putch.c estimated size: 2

C:\Program Files\Microchip\xc8\v2.32\pic\sources\c99\common\Umul16.c
		___wmul        		CODE           	1D76	0000	38

C:\Program Files\Microchip\xc8\v2.32\pic\sources\c99\common\Umul16.c estimated size: 38

C:\Program Files\Microchip\xc8\v2.32\pic\sources\c99\common\abs.c
		_abs           		CODE           	1BC2	0000	64

C:\Program Files\Microchip\xc8\v2.32\pic\sources\c99\common\abs.c estimated size: 64

C:\Program Files\Microchip\xc8\v2.32\pic\sources\c99\common\aomod.c
		___aomod       		CODE           	108C	0000	356

C:\Program Files\Microchip\xc8\v2.32\pic\sources\c99\common\aomod.c estimated size: 356

DHT11.c
		_Comparar_T_H_Adecuados		CODE           	134A	0000	252
		_DatosSensorTH 		CODE           	1C42	0000	62
		_DHT11_Start   		CODE           	1D9C	0000	32
		_DHT11_CheckResponse		CODE           	1D20	0000	44
		_DHT11_ReadData		CODE           	194E	0000	92

DHT11.c estimated size: 482

shared
		__initialization		CODE           	1C80	0000	44

shared estimated size: 44

Main_Invernadero.c
		_main          		CODE           	11F0	0000	346

Main_Invernadero.c estimated size: 346

C:\Program Files\Microchip\xc8\v2.32\pic\sources\c99\common\nf_fputc.c
		_fputc         		CODE           	1446	0000	202

C:\Program Files\Microchip\xc8\v2.32\pic\sources\c99\common\nf_fputc.c estimated size: 202

C:\Program Files\Microchip\xc8\v2.32\pic\sources\c99\common\aodiv.c
		___aodiv       		CODE           	0F04	0000	392

C:\Program Files\Microchip\xc8\v2.32\pic\sources\c99\common\aodiv.c estimated size: 392

C:\Program Files\Microchip\xc8\v2.32\pic\sources\c99\common\strlen.c
		_strlen        		CODE           	1CB6	0000	54

C:\Program Files\Microchip\xc8\v2.32\pic\sources\c99\common\strlen.c estimated size: 54

LCD.c
		_LCD_String    		CODE           	18F0	0000	94
		_LCD_Init      		CODE           	1CEC	0000	52
		_PedirTodosLosDatos		CODE           	15D6	0000	186
		_MostrarTemperatura		CODE           	17AE	0000	112
		_LCD_Command   		CODE           	1AA2	0000	80
		_PedirDato     		CODE           	1690	0000	168
		_LCD_String_xy 		CODE           	1C02	0000	64
		_LCD_Char      		CODE           	1A52	0000	80
		_ConfigurarPuertosLCD		CODE           	1DF4	0000	6
		_LCD_Clear     		CODE           	1D4C	0000	42
		_MostrarHumedad		CODE           	181E	0000	112

LCD.c estimated size: 996

