Microchip MPLAB XC8 Compiler V2.32

Linker command line:

-W-3 --edf=D:\XC8 compilador para el MPLAB\pic\dat\en_msgs.txt -cn \
  -h+dist/default/production\Invernadero_Domotico.X_V-1.1.production.sym \
  --cmf=dist/default/production\Invernadero_Domotico.X_V-1.1.production.cmf \
  -z -Q18F4550 -oC:\Users\SERVIT~1\AppData\Local\Temp\xcAs2v0.4 \
  --defsym=__MPLAB_BUILD=1 \
  -Mdist/default/production/Invernadero_Domotico.X_V-1.1.production.map -E1 \
  -ver=XC8 Compiler --acfsm=1493 -ASTACK=060h-07FFh -pstack=STACK \
  -ACODE=00h-07FFFh -ACONST=00h-07FFFh -ASMALLCONST=0800h-08FFhx120 \
  -AMEDIUMCONST=0800h-07FFFh -ACOMRAM=01h-05Fh -AABS1=00h-07FFh \
  -ABIGRAM=01h-07FFh -ARAM=060h-0FFh,0100h-01FFhx7 -ABANK0=060h-0FFh \
  -ABANK1=0100h-01FFh -ABANK2=0200h-02FFh -ABANK3=0300h-03FFh \
  -ABANK4=0400h-04FFh -ABANK5=0500h-05FFh -ABANK6=0600h-06FFh \
  -ABANK7=0700h-07FFh -ASFR=0F60h-0FFFh -ACONFIG=0300000h-030000Dh \
  -AIDLOC=0200000h-0200007h -AEEDATA=0F00000h-0F000FFh -peeprom_data=EEDATA \
  -preset_vec=00h,intcode,intcodelo,powerup,init -pramtop=0800h \
  -psmallconst=SMALLCONST -pmediumconst=MEDIUMCONST -pconst=CONST \
  -AFARRAM=00h-00h \
  -prdata=COMRAM,nvrram=COMRAM,nvbit=COMRAM,rbss=COMRAM,rbit=COMRAM \
  -pfarbss=FARRAM,fardata=FARRAM,nvFARRAM=FARRAM \
  -pintsave_regs=BIGRAM,bigbss=BIGRAM,bigdata=BIGRAM -pbss=RAM \
  -pidata=CODE,irdata=CODE,ibigdata=CODE,ifardata=CODE -prparam=COMRAM \
  C:\Users\SERVIT~1\AppData\Local\Temp\xcAs2v0.o \
  dist/default/production\Invernadero_Domotico.X_V-1.1.production.o 

Object code version is 3.11

Machine type is 18F4550



                Name                               Link     Load   Length Selector   Space Scale
C:\Users\SERVIT~1\AppData\Local\Temp\xcAs2v0.o
                idloc                            200000   200000        8        0       5
                config                           300000   300000        E        0       4
                init                                  0        0        4        0       0
dist/default/production\Invernadero_Domotico.X_V-1.1.production.o
                idloc                            200000   200000        8        0       5
                config                           300000   300000        E        0       4
                smallconst                          800      800       12      400       0
                text13                              CA2      CA2       58      409       0
                text12                              B36      B36       9A      409       0
                text11                              E74      E74       2C      409       0
                text10                              C46      C46       5C      409       0
                text9                               EE6      EE6       20      409       0
                text8                               D4A      D4A       50      409       0
                text7                               E10      E10       34      409       0
                text6                               CFA      CFA       50      409       0
                text5                               DDA      DDA       36      409       0
                text4                               D9A      D9A       40      409       0
                text3                               EA0      EA0       26      409       0
                text2                               BD0      BD0       76      409       0
                text1                               812      812      22A      409       0
                text0                               A3C      A3C       FA      409       0
                cstackCOMRAM                         21       21       19        1       1
                dataCOMRAM                            1        1       20        1       1
                bssCOMRAM                            3A       3A        3        1       1
                cinit                               E44      E44       30      409       0
                idataCOMRAM                         EC6      EC6       20      409       0

TOTAL           Name                               Link     Load   Length     Space
        CLASS   STACK          

        CLASS   CODE           
                init                                  0        0        4         0
                text13                              CA2      CA2       58         0
                text12                              B36      B36       9A         0
                text11                              E74      E74       2C         0
                text10                              C46      C46       5C         0
                text9                               EE6      EE6       20         0
                text8                               D4A      D4A       50         0
                text7                               E10      E10       34         0
                text6                               CFA      CFA       50         0
                text5                               DDA      DDA       36         0
                text4                               D9A      D9A       40         0
                text3                               EA0      EA0       26         0
                text2                               BD0      BD0       76         0
                text1                               812      812      22A         0
                text0                               A3C      A3C       FA         0
                cinit                               E44      E44       30         0
                idataCOMRAM                         EC6      EC6       20         0

        CLASS   CONST          

        CLASS   SMALLCONST     
                smallconst                          800      800       12         0

        CLASS   MEDIUMCONST    

        CLASS   COMRAM         
                cstackCOMRAM                         21       21       19         1
                dataCOMRAM                            1        1       20         1
                bssCOMRAM                            3A       3A        3         1

        CLASS   ABS1           

        CLASS   BIGRAM         

        CLASS   RAM            

        CLASS   BANK0          

        CLASS   BANK1          

        CLASS   BANK2          

        CLASS   BANK3          

        CLASS   BANK4          

        CLASS   BANK5          

        CLASS   BANK6          

        CLASS   BANK7          

        CLASS   SFR            

        CLASS   CONFIG         
                config                           300000   300000        E         4

        CLASS   IDLOC          
                idloc                            200000   200000        8         5

        CLASS   EEDATA         

        CLASS   FARRAM         



SEGMENTS        Name                           Load    Length   Top    Selector   Space  Class

                reset_vec                      000000  000004  000004         0       0  CODE    
                dataCOMRAM                     000001  00003C  00003D         1       1  COMRAM  
                smallconst                     000800  000012  000812       400       0  SMALLCON
                text1                          000812  0006F4  000F06       409       0  CODE    


UNUSED ADDRESS RANGES

        Name                Unused          Largest block    Delta
        BANK0            000060-0000FF               A0
        BANK1            000100-0001FF              100
        BANK2            000200-0002FF              100
        BANK3            000300-0003FF              100
        BANK4            000400-0004FF              100
        BANK5            000500-0005FF              100
        BANK6            000600-0006FF              100
        BANK7            000700-0007FF              100
        BIGRAM           00003D-0007FF              7C3
        CODE             000004-0007FF              7FC
                         000F06-007FFF             70FA
        COMRAM           00003D-00005F               23
        CONST            000004-0007FF              7FC
                         000F06-007FFF             70FA
        EEDATA           F00000-F000FF              100
        MEDIUMCONST      000F06-007FFF             70FA
        RAM              000060-0007FF              100
        SFR              000F60-000FFF               A0
        SMALLCONST       000F06-007FFF              100
        STACK            000060-0007FF              7A0

                                  Symbol Table

?_TemperaturaDigitada               cstackCOMRAM 000027
?___wmul                            cstackCOMRAM 000021
CompararTemperatura@HumedadAdecuada cstackCOMRAM 00002E
CompararTemperatura@TempActual      cstackCOMRAM 000023
CompararTemperatura@TempDigitada    cstackCOMRAM 000025
DHT11_ReadData@data                 cstackCOMRAM 000022
DHT11_ReadData@i                    cstackCOMRAM 000021
LCD_Char@dat                        cstackCOMRAM 000022
LCD_Command@cmd                     cstackCOMRAM 000022
LCD_String@msg                      cstackCOMRAM 000023
LCD_String_xy@location              cstackCOMRAM 000029
LCD_String_xy@msg                   cstackCOMRAM 000026
LCD_String_xy@pos                   cstackCOMRAM 000025
LCD_String_xy@row                   cstackCOMRAM 000028
PrenderLed@HumedadAdecuada          cstackCOMRAM 000021
PrenderLed@TemperaturaAdecuada      cstackCOMRAM 000022
TemperaturaDigitada@Decena          cstackCOMRAM 00002E
TemperaturaDigitada@Resultado       cstackCOMRAM 00002C
TemperaturaDigitada@Unidad          cstackCOMRAM 00002A
TemperaturaDigitada@prmTemperatura  cstackCOMRAM 000027
_ADCON0bits                         (abs)        000FC2
_ADCON1                             (abs)        000FC1
_ADCON1bits                         (abs)        000FC1
_ADCON2bits                         (abs)        000FC0
_ADRESH                             (abs)        000FC4
_CompararTemperatura                text12       000B36
_DHT11_CheckResponse                text11       000E74
_DHT11_ReadData                     text10       000C46
_DHT11_Start                        text9        000EE6
_INTCON2bits                        (abs)        000FF1
_LATA0                              (abs)        007C48
_LATB                               (abs)        000F8A
_LATD                               (abs)        000F8C
_LATD0                              (abs)        007C60
_LATD1                              (abs)        007C61
_LATDbits                           (abs)        000F8C
_LATE0                              (abs)        007C68
_LATE1                              (abs)        007C69
_LATE2                              (abs)        007C6A
_LCD_Char                           text6        000CFA
_LCD_Command                        text8        000D4A
_LCD_Init                           text7        000E10
_LCD_String                         text5        000DDA
_LCD_String_xy                      text4        000D9A
_OSCCON                             (abs)        000FD3
_PORTAbits                          (abs)        000F80
_PORTB                              (abs)        000F81
_PORTD                              (abs)        000F83
_PORTDbits                          (abs)        000F83
_PrenderLed                         text13       000CA2
_RBPU                               (abs)        007F8F
_TRISA                              (abs)        000F92
_TRISAbits                          (abs)        000F92
_TRISB                              (abs)        000F93
_TRISD                              (abs)        000F95
_TRISE                              (abs)        000F96
_TemperaturaDigitada                text2        000BD0
__HRAM                              (abs)        000000
__Habs1                             abs1         000000
__Hbank0                            bank0        000000
__Hbank1                            bank1        000000
__Hbank2                            bank2        000000
__Hbank3                            bank3        000000
__Hbank4                            bank4        000000
__Hbank5                            bank5        000000
__Hbank6                            bank6        000000
__Hbank7                            bank7        000000
__Hbigbss                           bigbss       000000
__Hbigdata                          bigdata      000000
__Hbigram                           bigram       000000
__Hbss                              bss          000000
__HbssCOMRAM                        bssCOMRAM    000000
__Hcinit                            cinit        000000
__Hclrtext                          clrtext      000000
__Hcomram                           comram       000000
__Hconfig                           config       30000E
__Hconst                            const        000000
__HcstackCOMRAM                     cstackCOMRAM 000000
__Hdata                             data         000000
__HdataCOMRAM                       dataCOMRAM   000000
__Heeprom_data                      eeprom_data  000000
__Hfarbss                           farbss       000000
__Hfardata                          fardata      000000
__Hibigdata                         ibigdata     000000
__Hidata                            idata        000000
__HidataCOMRAM                      idataCOMRAM  000000
__Hidloc                            idloc        200008
__Hifardata                         ifardata     000000
__Hinit                             init         000004
__Hintcode                          intcode      000000
__Hintcode_body                     intcode_body 000000
__Hintcodelo                        intcodelo    000000
__Hintentry                         intentry     000000
__Hintret                           intret       000000
__Hintsave_regs                     intsave_regs 000000
__Hirdata                           irdata       000000
__Hmediumconst                      mediumconst  000000
__HnvFARRAM                         nvFARRAM     000000
__Hnvbit                            nvbit        000000
__Hnvrram                           nvrram       000000
__Hparam                            rparam       000000
__Hpowerup                          powerup      000000
__Hram                              ram          000000
__Hramtop                           ramtop       000800
__Hrbit                             rbit         000000
__Hrbss                             rbss         000000
__Hrdata                            rdata        000000
__Hreset_vec                        reset_vec    000000
__Hrparam                           rparam       000000
__Hsfr                              sfr          000000
__Hsmallconst                       smallconst   000812
__Hspace_0                          (abs)        000F06
__Hspace_1                          (abs)        00003D
__Hspace_2                          (abs)        000000
__Hspace_4                          (abs)        60000E
__Hstack                            stack        000000
__Hstruct                           struct       000000
__Htemp                             temp         000000
__Htext                             text         000000
__Htext0                            text0        000000
__Htext1                            text1        000000
__Htext10                           text10       000000
__Htext11                           text11       000000
__Htext12                           text12       000000
__Htext13                           text13       000000
__Htext2                            text2        000000
__Htext3                            text3        000000
__Htext4                            text4        000000
__Htext5                            text5        000000
__Htext6                            text6        000000
__Htext7                            text7        000000
__Htext8                            text8        000000
__Htext9                            text9        000000
__LRAM                              (abs)        000001
__Labs1                             abs1         000000
__Lbank0                            bank0        000000
__Lbank1                            bank1        000000
__Lbank2                            bank2        000000
__Lbank3                            bank3        000000
__Lbank4                            bank4        000000
__Lbank5                            bank5        000000
__Lbank6                            bank6        000000
__Lbank7                            bank7        000000
__Lbigbss                           bigbss       000000
__Lbigdata                          bigdata      000000
__Lbigram                           bigram       000000
__Lbss                              bss          000000
__LbssCOMRAM                        bssCOMRAM    000000
__Lcinit                            cinit        000000
__Lclrtext                          clrtext      000000
__Lcomram                           comram       000000
__Lconfig                           config       000000
__Lconst                            const        000000
__LcstackCOMRAM                     cstackCOMRAM 000000
__Ldata                             data         000000
__LdataCOMRAM                       dataCOMRAM   000000
__Leeprom_data                      eeprom_data  000000
__Lfarbss                           farbss       000000
__Lfardata                          fardata      000000
__Libigdata                         ibigdata     000000
__Lidata                            idata        000000
__LidataCOMRAM                      idataCOMRAM  000000
__Lidloc                            idloc        000000
__Lifardata                         ifardata     000000
__Linit                             init         000000
__Lintcode                          intcode      000000
__Lintcode_body                     intcode_body 000000
__Lintcodelo                        intcodelo    000000
__Lintentry                         intentry     000000
__Lintret                           intret       000000
__Lintsave_regs                     intsave_regs 000000
__Lirdata                           irdata       000000
__Lmediumconst                      mediumconst  000000
__LnvFARRAM                         nvFARRAM     000000
__Lnvbit                            nvbit        000000
__Lnvrram                           nvrram       000000
__Lparam                            rparam       000000
__Lpowerup                          powerup      000000
__Lram                              ram          000000
__Lramtop                           ramtop       000800
__Lrbit                             rbit         000000
__Lrbss                             rbss         000000
__Lrdata                            rdata        000000
__Lreset_vec                        reset_vec    000000
__Lrparam                           rparam       000000
__Lsfr                              sfr          000000
__Lsmallconst                       smallconst   000800
__Lspace_0                          (abs)        000000
__Lspace_1                          (abs)        000000
__Lspace_2                          (abs)        000000
__Lspace_4                          (abs)        000000
__Lstack                            stack        000000
__Lstruct                           struct       000000
__Ltemp                             temp         000000
__Ltext                             text         000000
__Ltext0                            text0        000000
__Ltext1                            text1        000000
__Ltext10                           text10       000000
__Ltext11                           text11       000000
__Ltext12                           text12       000000
__Ltext13                           text13       000000
__Ltext2                            text2        000000
__Ltext3                            text3        000000
__Ltext4                            text4        000000
__Ltext5                            text5        000000
__Ltext6                            text6        000000
__Ltext7                            text7        000000
__Ltext8                            text8        000000
__Ltext9                            text9        000000
__S0                                (abs)        000F06
__S1                                (abs)        00003D
__S2                                (abs)        000000
__S4                                (abs)        000000
__S5                                (abs)        000000
___inthi_sp                         stack        000000
___intlo_sp                         stack        000000
___param_bank                       (abs)        000000
___rparam_used                      (abs)        000001
___sp                               stack        000000
___wmul                             text3        000EA0
___wmul@multiplicand                cstackCOMRAM 000023
___wmul@multiplier                  cstackCOMRAM 000021
___wmul@product                     cstackCOMRAM 000025
__accesstop                         (abs)        000060
__activetblptr                      (abs)        000002
__end_of_CompararTemperatura        text12       000BD0
__end_of_DHT11_CheckResponse        text11       000EA0
__end_of_DHT11_ReadData             text10       000CA2
__end_of_DHT11_Start                text9        000F06
__end_of_LCD_Char                   text6        000D4A
__end_of_LCD_Command                text8        000D9A
__end_of_LCD_Init                   text7        000E44
__end_of_LCD_String                 text5        000E10
__end_of_LCD_String_xy              text4        000DDA
__end_of_PrenderLed                 text13       000CFA
__end_of_TemperaturaDigitada        text2        000C46
__end_of___wmul                     text3        000EC6
__end_of__initialization            cinit        000E6A
__end_of_keyfind                    text1        000A3C
__end_of_main                       text0        000B36
__initialization                    cinit        000E44
__mediumconst                       mediumconst  000000
__pbssCOMRAM                        bssCOMRAM    00003A
__pcinit                            cinit        000E44
__pcstackCOMRAM                     cstackCOMRAM 000021
__pdataCOMRAM                       dataCOMRAM   000001
__pidataCOMRAM                      idataCOMRAM  000EC6
__psmallconst                       smallconst   000800
__ptext0                            text0        000A3C
__ptext1                            text1        000812
__ptext10                           text10       000C46
__ptext11                           text11       000E74
__ptext12                           text12       000B36
__ptext13                           text13       000CA2
__ptext2                            text2        000BD0
__ptext3                            text3        000EA0
__ptext4                            text4        000D9A
__ptext5                            text5        000DDA
__ptext6                            text6        000CFA
__ptext7                            text7        000E10
__ptext8                            text8        000D4A
__ptext9                            text9        000EE6
__ramtop                            ramtop       000800
__size_of_CompararTemperatura       (abs)        000000
__size_of_DHT11_CheckResponse       (abs)        000000
__size_of_DHT11_ReadData            (abs)        000000
__size_of_DHT11_Start               (abs)        000000
__size_of_LCD_Char                  (abs)        000000
__size_of_LCD_Command               (abs)        000000
__size_of_LCD_Init                  (abs)        000000
__size_of_LCD_String                (abs)        000000
__size_of_LCD_String_xy             (abs)        000000
__size_of_PrenderLed                (abs)        000000
__size_of_TemperaturaDigitada       (abs)        000000
__size_of___wmul                    (abs)        000000
__size_of_keyfind                   (abs)        000000
__size_of_main                      (abs)        000000
__smallconst                        smallconst   000800
_col_loc                            bssCOMRAM    00003C
_keyfind                            text1        000812
_keypad                             dataCOMRAM   000001
_main                               text0        000A3C
_rowloc                             bssCOMRAM    00003B
_temp_col                           bssCOMRAM    00003A
end_of_initialization               cinit        000E6A
intlevel0                           text         000000
intlevel1                           text         000000
intlevel2                           text         000000
intlevel3                           text         000000
isa$std                             (abs)        000001
isa$xinst                           (abs)        000000
keypad_getkey@F3168                 dataCOMRAM   000011
main@T_Integral                     cstackCOMRAM 000036
main@Temperatura                    cstackCOMRAM 000032
main@TemperaturaAdecuada            cstackCOMRAM 000034
main@bandera                        cstackCOMRAM 000038
main@indice                         cstackCOMRAM 000039
main@tecla                          cstackCOMRAM 000037
stackhi                             (abs)        0007FF
stacklo                             (abs)        000060
start                               init         000000
start_initialization                cinit        000E44


MODULE INFORMATION

Module		Function		Class		Link	Load	Size
keypad.c
		_keyfind       		CODE           	0812	0000	554

keypad.c estimated size: 554

DHT11.c
		_DHT11_Start   		CODE           	0EE6	0000	32
		_DHT11_CheckResponse		CODE           	0E74	0000	44
		_DHT11_ReadData		CODE           	0C46	0000	92

DHT11.c estimated size: 168

D:\XC8 compilador para el MPLAB\pic\sources\c99\common\Umul16.c
		___wmul        		CODE           	0EA0	0000	38

D:\XC8 compilador para el MPLAB\pic\sources\c99\common\Umul16.c estimated size: 38

shared
		__initialization		CODE           	0E44	0000	38

shared estimated size: 38

Main_Invernadero.c
		_CompararTemperatura		CODE           	0B36	0000	154
		_main          		CODE           	0A3C	0000	250
		_TemperaturaDigitada		CODE           	0BD0	0000	118
		_PrenderLed    		CODE           	0CA2	0000	88

Main_Invernadero.c estimated size: 610

LCD.c
		_LCD_String    		CODE           	0DDA	0000	54
		_LCD_Init      		CODE           	0E10	0000	52
		_LCD_Command   		CODE           	0D4A	0000	80
		_LCD_String_xy 		CODE           	0D9A	0000	64
		_LCD_Char      		CODE           	0CFA	0000	80

LCD.c estimated size: 330

